// Jest Snapshot v1, https://goo.gl/fbAQLP

exports[`render a form 1`] = `<Connect(TaskFormComponent) />`;
